
SESSION STARTED: Wed Jul  1 00:25:37 2026
[2026-07-01 00:25:37] [Server] FIFO connected to logger.
[Server] Client semaphore initialized. Max clients: 10
[Server] Listening on port 8080
[2026-07-01 00:26:11] [Auth] 'pranav' logged in as EDITOR (socket 6)
[2026-07-01 00:27:23] [Auth] 'apps' logged in as EDITOR (socket 7)
[2026-07-01 00:27:26] [Edit] INSERT 'f' id = (1, 6) left = (0, 0) by 'pranav'
[2026-07-01 00:27:26] [Edit] INSERT 'd' id = (2, 6) left = (0, 0) by 'pranav'
[2026-07-01 00:27:26] [Edit] INSERT 's' id = (3, 6) left = (0, 0) by 'pranav'
[2026-07-01 00:27:26] [Edit] INSERT 'a' id = (4, 6) left = (0, 0) by 'pranav'
[2026-07-01 00:27:26] [Edit] INSERT 'f' id = (5, 6) left = (0, 0) by 'pranav'
[2026-07-01 00:27:27] [Edit] INSERT 'f' id = (6, 6) left = (0, 0) by 'pranav'
[2026-07-01 00:27:27] [Edit] INSERT 'd' id = (7, 6) left = (0, 0) by 'pranav'
[2026-07-01 00:27:27] [Edit] INSERT 's' id = (8, 6) left = (0, 0) by 'pranav'
[2026-07-01 00:27:29] [Edit] INSERT 'f' id = (12, 6) left = (4, 6) by 'pranav'
[2026-07-01 00:27:30] [Edit] INSERT 'f' id = (13, 6) left = (4, 6) by 'pranav'
[2026-07-01 00:27:30] [Edit] INSERT 'f' id = (14, 6) left = (4, 6) by 'pranav'
[2026-07-01 00:30:20] [Edit] INSERT 'f' id = (40, 6) left = (12, 6) by 'pranav'
[2026-07-01 00:30:20] [Edit] INSERT 'd' id = (41, 6) left = (12, 6) by 'pranav'
[2026-07-01 00:30:20] [Edit] INSERT 's' id = (42, 6) left = (12, 6) by 'pranav'
[2026-07-01 00:30:20] [Edit] INSERT 'f' id = (43, 6) left = (12, 6) by 'pranav'
[2026-07-01 00:30:20] [Edit] INSERT 'd' id = (44, 6) left = (12, 6) by 'pranav'
[2026-07-01 00:30:20] [Edit] INSERT 's' id = (45, 6) left = (12, 6) by 'pranav'
[2026-07-01 00:30:21] [Edit] INSERT 's' id = (46, 6) left = (12, 6) by 'pranav'
[2026-07-01 00:30:21] [Edit] INSERT 'u' id = (47, 6) left = (12, 6) by 'pranav'
[2026-07-01 00:30:21] [Edit] INSERT 'h' id = (48, 6) left = (12, 6) by 'pranav'
[2026-07-01 00:30:21] [Edit] INSERT 'j' id = (49, 6) left = (12, 6) by 'pranav'
[2026-07-01 00:30:21] [Edit] INSERT 'b' id = (50, 6) left = (12, 6) by 'pranav'
[2026-07-01 00:30:22] [Edit] INSERT 'b' id = (51, 6) left = (12, 6) by 'pranav'
[2026-07-01 00:30:22] [Edit] INSERT 'n' id = (52, 6) left = (12, 6) by 'pranav'
[2026-07-01 00:30:22] [Edit] INSERT 'b' id = (53, 6) left = (12, 6) by 'pranav'
[2026-07-01 00:30:22] [Edit] INSERT ' ' id = (54, 6) left = (12, 6) by 'pranav'
[2026-07-01 00:30:22] [Edit] INSERT 'n' id = (55, 6) left = (12, 6) by 'pranav'
[2026-07-01 00:30:22] [Edit] INSERT 'b' id = (56, 6) left = (12, 6) by 'pranav'
[2026-07-01 00:30:22] [Edit] INSERT 'b' id = (57, 6) left = (12, 6) by 'pranav'
[2026-07-01 00:30:22] [Edit] INSERT 'b' id = (58, 6) left = (12, 6) by 'pranav'
[2026-07-01 00:30:23] [Edit] INSERT ' ' id = (59, 6) left = (12, 6) by 'pranav'
[2026-07-01 00:30:23] [Edit] INSERT '
' id = (60, 6) left = (12, 6) by 'pranav'
[2026-07-01 00:30:24] [Edit] INSERT 'f' id = (61, 6) left = (60, 6) by 'pranav'
[2026-07-01 00:30:24] [Edit] INSERT 'j' id = (62, 6) left = (60, 6) by 'pranav'
[2026-07-01 00:30:24] [Edit] INSERT 'k' id = (63, 6) left = (60, 6) by 'pranav'
[2026-07-01 00:30:24] [Edit] INSERT 'b' id = (64, 6) left = (60, 6) by 'pranav'
[2026-07-01 00:30:24] [Edit] INSERT 'f' id = (65, 6) left = (60, 6) by 'pranav'
[2026-07-01 00:30:24] [Edit] INSERT 'd' id = (66, 6) left = (60, 6) by 'pranav'
[2026-07-01 00:30:24] [Edit] INSERT 's' id = (67, 6) left = (60, 6) by 'pranav'
[2026-07-01 00:30:24] [Edit] INSERT 'a' id = (68, 6) left = (60, 6) by 'pranav'
[2026-07-01 00:30:44] [Edit] DELETE id = (42, 6) by 'pranav'
[2026-07-01 00:30:44] [Edit] DELETE id = (43, 6) by 'pranav'
[2026-07-01 00:30:45] [Edit] DELETE id = (44, 6) by 'pranav'
[2026-07-01 00:30:46] [Edit] DELETE id = (45, 6) by 'pranav'
[2026-07-01 00:30:46] [Edit] DELETE id = (46, 6) by 'pranav'
[2026-07-01 00:30:47] [Edit] DELETE id = (47, 6) by 'pranav'
[2026-07-01 00:30:48] [Edit] DELETE id = (48, 6) by 'pranav'
[2026-07-01 00:30:48] [Edit] DELETE id = (49, 6) by 'pranav'
[2026-07-01 00:30:48] [Edit] DELETE id = (50, 6) by 'pranav'
[2026-07-01 00:30:49] [Edit] DELETE id = (51, 6) by 'pranav'
[2026-07-01 00:30:51] [Edit] DELETE id = (52, 6) by 'pranav'
[2026-07-01 00:40:30] [Edit] INSERT '' id = (88, 6) left = (53, 6) by 'pranav'
[2026-07-01 00:40:32] [Edit] INSERT '' id = (89, 6) left = (53, 6) by 'pranav'

SESSION STARTED: Wed Jul  1 00:40:45 2026
[2026-07-01 00:40:50] [Server] Client semaphore initialized. Max clients: 10

SESSION STARTED: Wed Jul  1 00:41:02 2026
[2026-07-01 00:41:02] [Server] FIFO connected to logger.
[Server] Client semaphore initialized. Max clients: 10
[2026-07-01 00:41:03] [Server] FIFO connected to logger.
[2026-07-01 00:41:03] [Server] Client semaphore initialized. Max clients: 10
SESSION ENDED: Wed Jul  1 00:41:59 2026


SESSION STARTED: Wed Jul  1 00:42:18 2026
[2026-07-01 00:42:18] [Server] FIFO connected to logger.
[Server] Client semaphore initialized. Max clients: 10
[Server] Listening on port 8080
[2026-07-01 00:42:26] [Auth] 'pranav' logged in as EDITOR (socket 6)
[2026-07-01 00:42:36] [Auth] 'apps' logged in as EDITOR (socket 7)
[2026-07-01 00:42:38] [Edit] INSERT 'h' id = (2, 6) left = (0, 0) by 'pranav'
[2026-07-01 00:42:38] [Edit] INSERT 'i' id = (3, 6) left = (0, 0) by 'pranav'
[2026-07-01 00:42:38] [Edit] INSERT ' ' id = (4, 6) left = (0, 0) by 'pranav'
[2026-07-01 00:42:40] [Edit] INSERT 't' id = (5, 6) left = (0, 0) by 'pranav'
[2026-07-01 00:42:40] [Edit] INSERT 'h' id = (6, 6) left = (0, 0) by 'pranav'
[2026-07-01 00:42:40] [Edit] INSERT 'i' id = (7, 6) left = (0, 0) by 'pranav'
[2026-07-01 00:42:41] [Edit] INSERT 's' id = (8, 6) left = (0, 0) by 'pranav'
[2026-07-01 00:42:41] [Edit] INSERT ' ' id = (9, 6) left = (0, 0) by 'pranav'
[2026-07-01 00:42:42] [Edit] INSERT 'i' id = (10, 6) left = (0, 0) by 'pranav'
[2026-07-01 00:42:42] [Edit] INSERT 's' id = (11, 6) left = (0, 0) by 'pranav'
[2026-07-01 00:42:43] [Edit] INSERT ' ' id = (12, 6) left = (0, 0) by 'pranav'
[2026-07-01 00:42:44] [Edit] INSERT 'p' id = (13, 6) left = (0, 0) by 'pranav'
[2026-07-01 00:42:44] [Edit] INSERT 'r' id = (14, 6) left = (0, 0) by 'pranav'
[2026-07-01 00:42:45] [Edit] INSERT 'a' id = (15, 6) left = (0, 0) by 'pranav'
[2026-07-01 00:42:45] [Edit] INSERT 'n' id = (16, 6) left = (0, 0) by 'pranav'
[2026-07-01 00:42:46] [Edit] INSERT 'a' id = (17, 6) left = (0, 0) by 'pranav'
[2026-07-01 00:42:46] [Edit] INSERT 'v' id = (18, 6) left = (0, 0) by 'pranav'
[2026-07-01 00:43:00] [Edit] INSERT 'f' id = (45, 6) left = (0, 0) by 'pranav'
[2026-07-01 00:43:00] [Edit] INSERT 'd' id = (46, 6) left = (0, 0) by 'pranav'
[2026-07-01 00:43:00] [Edit] INSERT 's' id = (47, 6) left = (0, 0) by 'pranav'
[2026-07-01 00:43:00] [Edit] INSERT 'a' id = (48, 6) left = (0, 0) by 'pranav'
[2026-07-01 00:43:00] [Edit] INSERT 'f' id = (49, 6) left = (0, 0) by 'pranav'
[2026-07-01 00:43:01] [Edit] INSERT '
' id = (50, 6) left = (0, 0) by 'pranav'
[2026-07-01 00:43:04] [Edit] INSERT 'f' id = (61, 6) left = (0, 0) by 'pranav'
[2026-07-01 00:43:04] [Edit] INSERT 's' id = (62, 6) left = (0, 0) by 'pranav'
[2026-07-01 00:43:04] [Edit] INSERT 'd' id = (63, 6) left = (0, 0) by 'pranav'
[2026-07-01 00:43:04] [Edit] INSERT 'f' id = (64, 6) left = (0, 0) by 'pranav'
[2026-07-01 00:43:04] [Edit] INSERT 's' id = (65, 6) left = (0, 0) by 'pranav'
[2026-07-01 00:43:10] [Edit] DELETE id = (46, 6) by 'pranav'
[2026-07-01 00:43:11] [Edit] INSERT 'd' id = (81, 6) left = (47, 6) by 'pranav'
[2026-07-01 00:43:11] [Edit] INSERT 's' id = (82, 6) left = (47, 6) by 'pranav'
[2026-07-01 00:43:11] [Edit] INSERT 'd' id = (83, 6) left = (47, 6) by 'pranav'
[2026-07-01 00:43:12] [Edit] DELETE id = (83, 6) by 'pranav'
[2026-07-01 00:43:12] [Edit] INSERT 'd' id = (85, 6) left = (47, 6) by 'pranav'
[2026-07-01 00:43:13] [Edit] INSERT 'f' id = (86, 6) left = (47, 6) by 'pranav'
[2026-07-01 00:43:13] [Edit] INSERT 'd' id = (87, 6) left = (47, 6) by 'pranav'
[2026-07-01 00:43:13] [Edit] INSERT 'f' id = (88, 6) left = (47, 6) by 'pranav'
[2026-07-01 00:43:13] [Edit] INSERT 'd' id = (89, 6) left = (47, 6) by 'pranav'
[2026-07-01 00:43:14] [Edit] INSERT 'f' id = (93, 6) left = (63, 6) by 'pranav'
[2026-07-01 00:43:15] [Edit] INSERT 'd' id = (94, 6) left = (63, 6) by 'pranav'
[2026-07-01 00:43:15] [Edit] INSERT 's' id = (95, 6) left = (63, 6) by 'pranav'
[2026-07-01 00:43:15] [Edit] INSERT 'f' id = (96, 6) left = (63, 6) by 'pranav'
[2026-07-01 00:43:25] [Edit] DELETE id = (46, 6) by 'apps'
[2026-07-01 00:43:28] [Edit] DELETE id = (83, 6) by 'apps'
[2026-07-01 00:43:28] [Edit] DELETE id = (85, 6) by 'apps'
[2026-07-01 00:43:29] [Edit] DELETE id = (86, 6) by 'apps'
[2026-07-01 00:43:29] [Edit] DELETE id = (87, 6) by 'apps'
[2026-07-01 00:43:29] [Edit] INSERT 'f' id = (139, 7) left = (88, 6) by 'apps'
[2026-07-01 00:43:30] [Edit] INSERT 'f' id = (140, 7) left = (88, 6) by 'apps'
[2026-07-01 00:43:30] [Edit] INSERT 'd' id = (141, 7) left = (88, 6) by 'apps'
[2026-07-01 00:43:30] [Edit] INSERT 's' id = (142, 7) left = (88, 6) by 'apps'
[2026-07-01 00:43:30] [Edit] DELETE id = (88, 6) by 'apps'
[2026-07-01 00:43:30] [Edit] DELETE id = (89, 6) by 'apps'
[2026-07-01 00:43:31] [Edit] DELETE id = (141, 7) by 'apps'
[2026-07-01 00:43:32] [Edit] DELETE id = (18, 6) by 'apps'
[2026-07-01 00:43:32] [Edit] DELETE id = (45, 6) by 'apps'
[2026-07-01 00:43:53] [Edit] INSERT 'f' id = (149, 6) left = (63, 6) by 'pranav'
[2026-07-01 00:43:54] [Edit] INSERT 'd' id = (150, 6) left = (63, 6) by 'pranav'
[2026-07-01 00:43:54] [Edit] INSERT 's' id = (151, 6) left = (63, 6) by 'pranav'
[2026-07-01 00:43:55] [Edit] INSERT 'd' id = (152, 6) left = (63, 6) by 'pranav'
[2026-07-01 00:43:55] [Edit] INSERT 'd' id = (153, 6) left = (63, 6) by 'pranav'
[2026-07-01 00:43:56] [Edit] INSERT 'f' id = (154, 6) left = (63, 6) by 'pranav'
[2026-07-01 00:43:57] [Edit] INSERT 'f' id = (155, 6) left = (63, 6) by 'pranav'
[2026-07-01 00:43:58] [Edit] INSERT 'b' id = (156, 6) left = (63, 6) by 'pranav'
[2026-07-01 00:44:26] [Edit] DELETE id = (18, 6) by 'pranav'
[2026-07-01 01:24:30] [Edit] DELETE id = (14, 6) by 'pranav'
[2026-07-01 01:24:34] [Edit] DELETE id = (15, 6) by 'pranav'
[2026-07-01 01:24:35] [Edit] DELETE id = (16, 6) by 'pranav'
[2026-07-01 01:24:37] [Edit] DELETE id = (17, 6) by 'pranav'
[2026-07-01 01:24:39] [Edit] DELETE id = (13, 6) by 'pranav'
[2026-07-01 01:24:41] [Edit] DELETE id = (12, 6) by 'pranav'
[2026-07-01 01:24:50] [Edit] INSERT '
' id = (205, 6) left = (81, 6) by 'pranav'
[2026-07-01 01:24:52] [Edit] INSERT '
' id = (211, 6) left = (0, 0) by 'pranav'
[2026-07-01 01:24:53] [Edit] INSERT '
' id = (212, 6) left = (211, 6) by 'pranav'
[2026-07-01 01:33:41] Client 'pranav' (socket 6) disconnected.
[2026-07-01 01:33:42] Client 'apps' (socket 7) disconnected.

SESSION STARTED: Wed Jul  1 02:03:49 2026
[2026-07-01 02:03:49] [Server] FIFO connected to logger.
[Server] Client semaphore initialized. Max clients: 10
[Server] Listening on port 8080
[2026-07-01 02:03:55] [Auth] 'pranav' logged in as EDITOR (socket 6)
[2026-07-01 02:04:00] [Auth] 'apps' logged in as EDITOR (socket 7)
[2026-07-01 02:04:02] [Server] INSERT failed: leftID not found. socket = 6
[2026-07-01 02:04:02] [Server] INSERT failed: leftID not found. socket = 6
[2026-07-01 02:04:02] [Server] INSERT failed: leftID not found. socket = 6
[2026-07-01 02:04:02] [Server] INSERT failed: leftID not found. socket = 6
[2026-07-01 02:04:03] [Server] INSERT failed: leftID not found. socket = 6
[2026-07-01 02:04:03] [Server] INSERT failed: leftID not found. socket = 6
[2026-07-01 02:04:03] [Server] INSERT failed: leftID not found. socket = 6
[2026-07-01 02:04:03] [Server] INSERT failed: leftID not found. socket = 6
[2026-07-01 02:04:03] [Server] INSERT failed: leftID not found. socket = 6
[2026-07-01 02:04:03] [Server] INSERT failed: leftID not found. socket = 6
[2026-07-01 02:04:03] [Server] INSERT failed: leftID not found. socket = 6
[2026-07-01 02:04:03] [Server] INSERT failed: leftID not found. socket = 6
[2026-07-01 02:04:03] [Server] INSERT failed: leftID not found. socket = 6
[2026-07-01 02:04:03] [Server] INSERT failed: leftID not found. socket = 6
[2026-07-01 02:04:03] [Server] INSERT failed: leftID not found. socket = 6
[2026-07-01 02:04:04] [Server] INSERT failed: leftID not found. socket = 6
[2026-07-01 02:04:04] [Server] INSERT failed: leftID not found. socket = 6
[2026-07-01 02:04:04] [Server] INSERT failed: leftID not found. socket = 6
[2026-07-01 02:04:05] [Server] INSERT failed: leftID not found. socket = 7
[2026-07-01 02:04:06] [Server] INSERT failed: leftID not found. socket = 7
[2026-07-01 02:04:06] [Server] INSERT failed: leftID not found. socket = 7
[2026-07-01 02:04:06] [Server] INSERT failed: leftID not found. socket = 7
[2026-07-01 02:04:06] [Server] INSERT failed: leftID not found. socket = 7
[2026-07-01 02:04:06] [Server] INSERT failed: leftID not found. socket = 7
[2026-07-01 02:04:06] [Server] INSERT failed: leftID not found. socket = 7
[2026-07-01 02:04:06] [Server] INSERT failed: leftID not found. socket = 7
[2026-07-01 02:04:06] [Server] INSERT failed: leftID not found. socket = 7
[2026-07-01 02:04:06] [Server] INSERT failed: leftID not found. socket = 7
[2026-07-01 02:04:06] [Server] INSERT failed: leftID not found. socket = 7
[2026-07-01 02:04:06] [Server] INSERT failed: leftID not found. socket = 7
[2026-07-01 02:04:06] [Server] INSERT failed: leftID not found. socket = 7
[2026-07-01 02:04:07] [Server] INSERT failed: leftID not found. socket = 7
[2026-07-01 02:04:07] [Server] INSERT failed: leftID not found. socket = 7
[2026-07-01 02:04:07] [Server] INSERT failed: leftID not found. socket = 7
[2026-07-01 02:04:07] [Server] INSERT failed: leftID not found. socket = 7
[2026-07-01 02:04:07] [Server] INSERT failed: leftID not found. socket = 7
[2026-07-01 02:04:07] [Server] INSERT failed: leftID not found. socket = 7
[2026-07-01 02:04:09] [Server] INSERT failed: leftID not found. socket = 6
[2026-07-01 02:04:09] [Server] DELETE failed: ID not found. Socket = 6
[2026-07-01 02:04:10] [Server] INSERT failed: leftID not found. socket = 6
[2026-07-01 02:04:10] [Server] INSERT failed: leftID not found. socket = 6
[2026-07-01 02:04:10] [Server] INSERT failed: leftID not found. socket = 6
[2026-07-01 02:04:10] [Server] INSERT failed: leftID not found. socket = 6
[2026-07-01 02:04:10] [Server] INSERT failed: leftID not found. socket = 6
[2026-07-01 02:04:10] [Server] INSERT failed: leftID not found. socket = 6
[2026-07-01 02:04:10] [Server] INSERT failed: leftID not found. socket = 6
[2026-07-01 02:04:10] [Server] INSERT failed: leftID not found. socket = 6
[2026-07-01 02:04:10] [Server] INSERT failed: leftID not found. socket = 6
[2026-07-01 02:04:10] [Server] INSERT failed: leftID not found. socket = 6
[2026-07-01 02:10:03] [Save] DENIED for socket 6 ('pranav'): Not Admin.
[2026-07-01 02:10:05] Client 'pranav' (socket 6) disconnected.
[2026-07-01 02:10:07] Client 'apps' (socket 7) disconnected.
SESSION ENDED: Wed Jul  1 02:10:11 2026


SESSION STARTED: Sat Jul  4 00:47:36 2026
[2026-07-04 00:47:36] [Server] FIFO connected to logger.
[Server] Client semaphore initialized. Max clients: 10
[Server] Listening on port 8080
[2026-07-04 00:47:49] [Auth] 'pranav' logged in as EDITOR (socket 6)
[2026-07-04 00:47:55] [Auth] 'apps' logged in as EDITOR (socket 7)
[2026-07-04 00:47:56] [Edit] INSERT 'h' id = (2, 6) left = (0, 0) by 'pranav'
[2026-07-04 00:47:56] [Edit] INSERT 'i' id = (3, 6) left = (2, 6) by 'pranav'
[2026-07-04 00:47:56] [Edit] INSERT ' ' id = (4, 6) left = (3, 6) by 'pranav'
[2026-07-04 00:47:56] [Edit] INSERT 't' id = (5, 6) left = (4, 6) by 'pranav'
[2026-07-04 00:47:56] [Edit] INSERT 'h' id = (6, 6) left = (5, 6) by 'pranav'
[2026-07-04 00:47:56] [Edit] INSERT 'i' id = (7, 6) left = (6, 6) by 'pranav'
[2026-07-04 00:47:56] [Edit] INSERT 's' id = (8, 6) left = (7, 6) by 'pranav'
[2026-07-04 00:47:57] [Edit] INSERT ' ' id = (9, 6) left = (8, 6) by 'pranav'
[2026-07-04 00:47:57] [Edit] INSERT 'i' id = (10, 6) left = (9, 6) by 'pranav'
[2026-07-04 00:47:57] [Edit] INSERT 's' id = (11, 6) left = (10, 6) by 'pranav'
[2026-07-04 00:47:57] [Edit] INSERT ' ' id = (12, 6) left = (11, 6) by 'pranav'
[2026-07-04 00:47:57] [Edit] INSERT 'p' id = (13, 6) left = (12, 6) by 'pranav'
[2026-07-04 00:47:57] [Edit] INSERT 'r' id = (14, 6) left = (13, 6) by 'pranav'
[2026-07-04 00:47:57] [Edit] INSERT 'n' id = (15, 6) left = (14, 6) by 'pranav'
[2026-07-04 00:47:58] [Edit] DELETE id = (15, 6) by 'pranav'
[2026-07-04 00:47:58] [Edit] INSERT 'a' id = (16, 6) left = (14, 6) by 'pranav'
[2026-07-04 00:47:58] [Edit] INSERT 'n' id = (17, 6) left = (16, 6) by 'pranav'
[2026-07-04 00:47:58] [Edit] INSERT 'a' id = (18, 6) left = (17, 6) by 'pranav'
[2026-07-04 00:47:58] [Edit] INSERT 'v' id = (19, 6) left = (18, 6) by 'pranav'
[2026-07-04 00:48:02] [Edit] INSERT '
' id = (36, 7) left = (16, 6) by 'apps'
[2026-07-04 00:48:03] [Edit] INSERT '
' id = (37, 7) left = (36, 7) by 'apps'
[2026-07-04 00:48:06] [Edit] INSERT 'w' id = (41, 6) left = (17, 6) by 'pranav'
[2026-07-04 00:48:06] [Edit] INSERT 'h' id = (42, 6) left = (41, 6) by 'pranav'
[2026-07-04 00:48:06] [Edit] INSERT 'a' id = (43, 6) left = (42, 6) by 'pranav'
[2026-07-04 00:48:06] [Edit] INSERT 't' id = (44, 6) left = (43, 6) by 'pranav'
[2026-07-04 00:48:07] [Edit] INSERT 's' id = (45, 6) left = (44, 6) by 'pranav'
[2026-07-04 00:48:07] [Edit] INSERT ' ' id = (46, 6) left = (45, 6) by 'pranav'
[2026-07-04 00:48:08] [Edit] INSERT 'u' id = (47, 6) left = (46, 6) by 'pranav'
[2026-07-04 00:48:09] [Edit] INSERT 'p' id = (48, 6) left = (47, 6) by 'pranav'
[2026-07-04 00:48:09] [Edit] INSERT 'p' id = (49, 6) left = (48, 6) by 'pranav'
[2026-07-04 00:48:09] [Edit] INSERT 'p' id = (50, 6) left = (49, 6) by 'pranav'
[2026-07-04 00:48:10] [Edit] DELETE id = (50, 6) by 'pranav'
[2026-07-04 00:48:10] [Edit] DELETE id = (49, 6) by 'pranav'
[2026-07-04 00:48:10] [Edit] DELETE id = (48, 6) by 'pranav'
[2026-07-04 00:48:10] [Edit] DELETE id = (47, 6) by 'pranav'
[2026-07-04 00:48:10] [Edit] DELETE id = (46, 6) by 'pranav'
[2026-07-04 00:48:11] [Edit] DELETE id = (45, 6) by 'pranav'
[2026-07-04 00:48:11] [Edit] DELETE id = (44, 6) by 'pranav'
[2026-07-04 00:48:11] [Edit] DELETE id = (43, 6) by 'pranav'
[2026-07-04 00:48:11] [Edit] DELETE id = (42, 6) by 'pranav'
[2026-07-04 00:48:11] [Edit] DELETE id = (41, 6) by 'pranav'
[2026-07-04 00:48:32] [Edit] DELETE id = (18, 6) by 'pranav'
[2026-07-04 00:48:34] [Edit] INSERT 'a' id = (69, 6) left = (17, 6) by 'pranav'
[2026-07-04 00:48:35] [Edit] INSERT 'a' id = (70, 6) left = (69, 6) by 'pranav'
[2026-07-04 00:48:35] [Edit] DELETE id = (70, 6) by 'pranav'
[2026-07-04 00:48:35] [Edit] DELETE id = (69, 6) by 'pranav'
[2026-07-04 00:48:36] [Edit] DELETE id = (17, 6) by 'pranav'
[2026-07-04 00:48:36] [Edit] INSERT 'n' id = (71, 6) left = (37, 7) by 'pranav'
[2026-07-04 00:48:36] [Edit] INSERT 'a' id = (72, 6) left = (71, 6) by 'pranav'
[2026-07-04 00:49:37] [Edit] INSERT 'f' id = (73, 6) left = (72, 6) by 'pranav'
[2026-07-04 00:49:37] [Edit] INSERT 'd' id = (74, 6) left = (73, 6) by 'pranav'
[2026-07-04 00:49:37] [Edit] DELETE id = (74, 6) by 'pranav'
[2026-07-04 00:49:38] [Edit] DELETE id = (73, 6) by 'pranav'
[2026-07-04 00:49:38] [Edit] INSERT 'f' id = (75, 6) left = (72, 6) by 'pranav'
[2026-07-04 00:49:39] [Edit] INSERT 'd' id = (76, 6) left = (75, 6) by 'pranav'
[2026-07-04 00:49:39] [Edit] INSERT 's' id = (77, 6) left = (76, 6) by 'pranav'
[2026-07-04 00:49:40] [Edit] DELETE id = (77, 6) by 'pranav'
[2026-07-04 00:49:40] [Edit] DELETE id = (76, 6) by 'pranav'
[2026-07-04 00:49:40] [Edit] DELETE id = (75, 6) by 'pranav'
[2026-07-04 01:08:36] [Edit] DELETE id = (18, 6) by 'pranav'
[2026-07-04 01:08:37] [Edit] DELETE id = (72, 6) by 'pranav'
[2026-07-04 01:08:38] [Edit] INSERT 'a' id = (115, 6) left = (71, 6) by 'pranav'
[2026-07-04 01:08:39] [Edit] INSERT '\' id = (116, 6) left = (115, 6) by 'pranav'
[2026-07-04 01:08:39] [Edit] DELETE id = (116, 6) by 'pranav'
[2026-07-04 01:08:40] [Edit] DELETE id = (115, 6) by 'pranav'
[2026-07-04 01:08:40] [Edit] INSERT 'a' id = (117, 6) left = (71, 6) by 'pranav'
[2026-07-04 01:08:43] [Edit] DELETE id = (18, 6) by 'pranav'
[2026-07-04 01:08:43] [Edit] DELETE id = (117, 6) by 'pranav'
[2026-07-04 01:58:21] [Edit] DELETE id = (37, 7) by 'pranav'
[2026-07-04 01:58:22] [Edit] DELETE id = (36, 7) by 'pranav'
[2026-07-04 01:58:24] [Edit] INSERT '
' id = (127, 6) left = (16, 6) by 'pranav'
[2026-07-04 01:58:24] [Edit] INSERT '
' id = (128, 6) left = (127, 6) by 'pranav'
[2026-07-04 01:58:24] [Edit] INSERT '
' id = (129, 6) left = (128, 6) by 'pranav'
[2026-07-04 01:58:32] [Edit] DELETE id = (37, 7) by 'pranav'
[2026-07-04 01:58:32] [Edit] DELETE id = (129, 6) by 'pranav'
[2026-07-04 01:58:32] [Edit] DELETE id = (128, 6) by 'pranav'
[2026-07-04 01:58:33] [Edit] DELETE id = (127, 6) by 'pranav'
[2026-07-04 01:58:48] [Edit] DELETE id = (18, 6) by 'pranav'
[2026-07-04 01:58:48] [Edit] DELETE id = (71, 6) by 'pranav'
[2026-07-04 01:58:48] [Edit] DELETE id = (16, 6) by 'pranav'
[2026-07-04 01:58:49] [Edit] INSERT 'a' id = (193, 6) left = (14, 6) by 'pranav'
[2026-07-04 01:58:49] [Edit] INSERT 'n' id = (194, 6) left = (193, 6) by 'pranav'
[2026-07-04 01:58:50] [Edit] INSERT 'a' id = (195, 6) left = (194, 6) by 'pranav'
[2026-07-04 01:58:50] [Edit] INSERT 'v' id = (196, 6) left = (195, 6) by 'pranav'
[2026-07-04 01:58:50] [Edit] DELETE id = (196, 6) by 'pranav'
[2026-07-04 01:59:10] [Edit] DELETE id = (18, 6) by 'pranav'
[2026-07-04 01:59:10] [Edit] DELETE id = (195, 6) by 'pranav'
[2026-07-04 01:59:11] [Edit] INSERT 'a' id = (272, 6) left = (194, 6) by 'pranav'
[2026-07-04 02:00:43] [Edit] INSERT '
' id = (277, 6) left = (193, 6) by 'pranav'
[2026-07-04 02:00:43] [Edit] INSERT '
' id = (278, 6) left = (277, 6) by 'pranav'
[2026-07-04 02:00:48] [Edit] INSERT 'f' id = (287, 6) left = (278, 6) by 'pranav'
[2026-07-04 02:00:48] [Edit] INSERT 'f' id = (288, 6) left = (287, 6) by 'pranav'
[2026-07-04 02:00:50] [Edit] INSERT 'f' id = (291, 6) left = (278, 6) by 'pranav'
[2026-07-04 02:17:55] [Edit] INSERT '' id = (292, 6) left = (291, 6) by 'pranav'
[2026-07-04 02:17:57] [Edit] INSERT '' id = (293, 6) left = (292, 6) by 'pranav'
[2026-07-04 02:17:57] Client 'pranav' (socket 6) disconnected.
[2026-07-04 02:17:58] Client 'apps' (socket 7) disconnected.
SESSION ENDED: Sat Jul  4 02:18:00 2026


SESSION STARTED: Sat Jul  4 03:01:34 2026
[2026-07-04 03:01:34] [Server] FIFO connected to logger.
[Server] Client semaphore initialized. Max clients: 10
[Server] Listening on port 8080
[2026-07-04 03:01:40] [Auth] 'pranav' logged in as EDITOR (socket 6)
[2026-07-04 03:01:45] [Auth] 'apps' logged in as EDITOR (socket 7)
[2026-07-04 03:01:46] [Edit] INSERT 'h' id = (2, 6) left = (0, 0) by 'pranav'
[2026-07-04 03:01:46] [Edit] INSERT 'i' id = (3, 6) left = (2, 6) by 'pranav'
[2026-07-04 03:01:46] [Edit] INSERT ' ' id = (4, 6) left = (3, 6) by 'pranav'
[2026-07-04 03:01:46] [Edit] INSERT 't' id = (5, 6) left = (4, 6) by 'pranav'
[2026-07-04 03:01:46] [Edit] INSERT 'h' id = (6, 6) left = (5, 6) by 'pranav'
[2026-07-04 03:01:46] [Edit] INSERT 'i' id = (7, 6) left = (6, 6) by 'pranav'
[2026-07-04 03:01:47] [Edit] INSERT 's' id = (8, 6) left = (7, 6) by 'pranav'
[2026-07-04 03:01:47] [Edit] INSERT ' ' id = (9, 6) left = (8, 6) by 'pranav'
[2026-07-04 03:01:47] [Edit] INSERT 'i' id = (10, 6) left = (9, 6) by 'pranav'
[2026-07-04 03:01:47] [Edit] INSERT 's' id = (11, 6) left = (10, 6) by 'pranav'
[2026-07-04 03:01:47] [Edit] INSERT ' ' id = (12, 6) left = (11, 6) by 'pranav'
[2026-07-04 03:01:47] [Edit] INSERT 'p' id = (13, 6) left = (12, 6) by 'pranav'
[2026-07-04 03:01:47] [Edit] INSERT 'r' id = (14, 6) left = (13, 6) by 'pranav'
[2026-07-04 03:01:47] [Edit] INSERT 'a' id = (15, 6) left = (14, 6) by 'pranav'
[2026-07-04 03:01:47] [Edit] INSERT 'n' id = (16, 6) left = (15, 6) by 'pranav'
[2026-07-04 03:01:47] [Edit] INSERT 'a' id = (17, 6) left = (16, 6) by 'pranav'
[2026-07-04 03:01:47] [Edit] INSERT 'v' id = (18, 6) left = (17, 6) by 'pranav'
[2026-07-04 03:01:49] [Edit] INSERT '
' id = (22, 6) left = (15, 6) by 'pranav'
[2026-07-04 03:01:49] [Edit] INSERT '
' id = (23, 6) left = (22, 6) by 'pranav'
[2026-07-04 03:01:52] [Edit] DELETE id = (23, 6) by 'pranav'
[2026-07-04 03:01:52] [Edit] DELETE id = (22, 6) by 'pranav'
[2026-07-04 03:01:52] [Edit] INSERT '
' id = (28, 6) left = (15, 6) by 'pranav'
[2026-07-04 03:01:53] [Edit] INSERT '
' id = (29, 6) left = (28, 6) by 'pranav'
[2026-07-04 03:01:53] [Edit] INSERT '
' id = (30, 6) left = (29, 6) by 'pranav'
[2026-07-04 03:01:53] [Edit] DELETE id = (16, 6) by 'pranav'
[2026-07-04 03:01:54] [Edit] INSERT 'n' id = (32, 6) left = (30, 6) by 'pranav'
[2026-07-04 03:01:55] [Edit] INSERT 'n' id = (33, 6) left = (32, 6) by 'pranav'
[2026-07-04 03:01:55] [Edit] INSERT 'n' id = (34, 6) left = (33, 6) by 'pranav'
[2026-07-04 03:01:55] [Edit] INSERT 'n' id = (35, 6) left = (34, 6) by 'pranav'
[2026-07-04 03:01:55] [Edit] INSERT 'f' id = (36, 6) left = (35, 6) by 'pranav'
[2026-07-04 03:01:55] [Edit] INSERT 'a' id = (37, 6) left = (36, 6) by 'pranav'
[2026-07-04 03:01:55] [Edit] INSERT 's' id = (38, 6) left = (37, 6) by 'pranav'
[2026-07-04 03:01:55] [Edit] INSERT 'd' id = (39, 6) left = (38, 6) by 'pranav'
[2026-07-04 03:01:56] [Edit] DELETE id = (17, 6) by 'pranav'
[2026-07-04 03:01:56] [Edit] DELETE id = (39, 6) by 'pranav'
[2026-07-04 03:01:56] [Edit] DELETE id = (38, 6) by 'pranav'
[2026-07-04 03:01:57] [Edit] DELETE id = (37, 6) by 'pranav'
[2026-07-04 03:01:57] [Edit] DELETE id = (36, 6) by 'pranav'
[2026-07-04 03:01:57] [Edit] DELETE id = (35, 6) by 'pranav'
[2026-07-04 03:01:57] [Edit] DELETE id = (34, 6) by 'pranav'
[2026-07-04 03:01:58] [Edit] DELETE id = (33, 6) by 'pranav'
[2026-07-04 03:01:58] [Edit] INSERT 'a' id = (41, 6) left = (32, 6) by 'pranav'
[2026-07-04 03:02:04] [Edit] INSERT 'f' id = (51, 6) left = (29, 6) by 'pranav'
[2026-07-04 03:02:04] [Edit] INSERT 'd' id = (52, 6) left = (51, 6) by 'pranav'
[2026-07-04 03:02:04] [Edit] INSERT 's' id = (53, 6) left = (52, 6) by 'pranav'
[2026-07-04 03:02:04] [Edit] DELETE id = (53, 6) by 'pranav'
[2026-07-04 03:02:04] [Edit] DELETE id = (52, 6) by 'pranav'
[2026-07-04 03:02:05] [Edit] DELETE id = (51, 6) by 'pranav'
[2026-07-04 03:02:09] [Edit] INSERT 'f' id = (63, 7) left = (53, 6) by 'apps'
[2026-07-04 03:02:10] [Edit] INSERT 'f' id = (64, 7) left = (63, 7) by 'apps'
[2026-07-04 03:02:10] [Edit] INSERT 'd' id = (65, 7) left = (64, 7) by 'apps'
[2026-07-04 03:02:10] [Edit] INSERT 's' id = (66, 7) left = (65, 7) by 'apps'
[2026-07-04 03:02:10] [Edit] INSERT 'a' id = (67, 7) left = (66, 7) by 'apps'
[2026-07-04 03:02:10] [Edit] INSERT 'f' id = (68, 7) left = (67, 7) by 'apps'
[2026-07-04 03:02:10] [Edit] INSERT 's' id = (69, 7) left = (68, 7) by 'apps'
[2026-07-04 03:02:10] [Edit] INSERT 's' id = (70, 7) left = (69, 7) by 'apps'
[2026-07-04 03:02:10] [Edit] INSERT 'd' id = (71, 7) left = (70, 7) by 'apps'
[2026-07-04 03:02:10] [Edit] INSERT 'a' id = (72, 7) left = (71, 7) by 'apps'
[2026-07-04 03:02:11] [Edit] DELETE id = (30, 6) by 'apps'
[2026-07-04 03:02:12] [Edit] INSERT '
' id = (74, 7) left = (72, 7) by 'apps'
[2026-07-04 03:02:13] [Edit] DELETE id = (72, 7) by 'apps'
[2026-07-04 03:02:13] [Edit] DELETE id = (71, 7) by 'apps'
[2026-07-04 03:02:13] [Edit] DELETE id = (70, 7) by 'apps'
[2026-07-04 03:02:13] [Edit] DELETE id = (69, 7) by 'apps'
[2026-07-04 03:02:13] [Edit] DELETE id = (68, 7) by 'apps'
[2026-07-04 03:02:13] [Edit] INSERT 'd' id = (76, 7) left = (67, 7) by 'apps'
[2026-07-04 03:02:13] [Edit] INSERT 's' id = (77, 7) left = (76, 7) by 'apps'
[2026-07-04 03:02:14] [Edit] DELETE id = (77, 7) by 'apps'
[2026-07-04 03:02:14] [Edit] DELETE id = (76, 7) by 'apps'
[2026-07-04 03:02:14] [Edit] DELETE id = (67, 7) by 'apps'
[2026-07-04 03:02:16] [Edit] DELETE id = (66, 7) by 'apps'
[2026-07-04 03:02:17] [Edit] DELETE id = (65, 7) by 'apps'
[2026-07-04 03:02:17] [Edit] DELETE id = (64, 7) by 'apps'
[2026-07-04 03:02:17] [Edit] DELETE id = (63, 7) by 'apps'
[2026-07-04 03:02:17] [Edit] DELETE id = (29, 6) by 'apps'
[2026-07-04 03:02:17] [Edit] DELETE id = (28, 6) by 'apps'
[2026-07-04 03:02:18] [Edit] DELETE id = (30, 6) by 'apps'
[2026-07-04 03:02:18] [Edit] DELETE id = (74, 7) by 'apps'
[2026-07-04 03:02:19] [Edit] INSERT '
' id = (79, 7) left = (15, 6) by 'apps'
[2026-07-04 03:02:20] [Edit] INSERT '
' id = (80, 7) left = (79, 7) by 'apps'
[2026-07-04 03:02:20] [Edit] DELETE id = (80, 7) by 'apps'
[2026-07-04 03:02:20] [Edit] DELETE id = (79, 7) by 'apps'
[2026-07-04 03:02:24] [Edit] INSERT 'f' id = (81, 7) left = (15, 6) by 'apps'
[2026-07-04 03:02:24] [Edit] INSERT 'f' id = (82, 7) left = (81, 7) by 'apps'
[2026-07-04 03:02:27] [Edit] DELETE id = (30, 6) by 'apps'
[2026-07-04 03:02:27] [Edit] DELETE id = (82, 7) by 'apps'
[2026-07-04 03:02:28] [Edit] DELETE id = (81, 7) by 'apps'
[2026-07-04 03:02:29] [Edit] INSERT 'f' id = (87, 7) left = (15, 6) by 'apps'
[2026-07-04 03:02:29] [Edit] INSERT 'f' id = (88, 7) left = (87, 7) by 'apps'
[2026-07-04 03:02:29] [Edit] DELETE id = (88, 7) by 'apps'
[2026-07-04 03:02:29] [Edit] DELETE id = (87, 7) by 'apps'
[2026-07-04 03:02:30] [Edit] INSERT 'f' id = (109, 6) left = (30, 6) by 'pranav'
[2026-07-04 03:02:31] [Edit] INSERT 'f' id = (110, 6) left = (109, 6) by 'pranav'
[2026-07-04 03:02:31] [Edit] DELETE id = (110, 6) by 'pranav'
[2026-07-04 03:02:31] [Edit] DELETE id = (109, 6) by 'pranav'
[2026-07-04 03:02:31] [Edit] DELETE id = (15, 6) by 'pranav'
[2026-07-04 03:02:31] [Edit] INSERT 'f' id = (111, 6) left = (14, 6) by 'pranav'
[2026-07-04 03:02:31] [Edit] INSERT 'f' id = (112, 6) left = (111, 6) by 'pranav'
[2026-07-04 03:02:32] [Edit] INSERT 'f' id = (113, 6) left = (112, 6) by 'pranav'
[2026-07-04 03:02:32] [Edit] INSERT 'f' id = (114, 6) left = (113, 6) by 'pranav'
[2026-07-04 03:02:32] [Edit] INSERT 'f' id = (115, 6) left = (114, 6) by 'pranav'
[2026-07-04 03:02:32] [Edit] INSERT 'f' id = (116, 6) left = (115, 6) by 'pranav'
[2026-07-04 03:02:32] [Edit] INSERT 'f' id = (117, 6) left = (116, 6) by 'pranav'
[2026-07-04 03:02:32] [Edit] INSERT 'f' id = (118, 6) left = (117, 6) by 'pranav'
[2026-07-04 03:02:32] [Edit] INSERT 'f' id = (119, 6) left = (118, 6) by 'pranav'
[2026-07-04 03:02:32] [Edit] INSERT 'f' id = (120, 6) left = (119, 6) by 'pranav'
[2026-07-04 03:02:32] [Edit] INSERT 'f' id = (121, 6) left = (120, 6) by 'pranav'
[2026-07-04 03:02:33] [Edit] INSERT 'f' id = (122, 6) left = (121, 6) by 'pranav'
[2026-07-04 03:02:33] [Edit] DELETE id = (122, 6) by 'pranav'
[2026-07-04 03:02:33] [Edit] DELETE id = (121, 6) by 'pranav'
[2026-07-04 03:02:33] [Edit] DELETE id = (120, 6) by 'pranav'
[2026-07-04 03:02:33] [Edit] DELETE id = (119, 6) by 'pranav'
[2026-07-04 03:02:33] [Edit] DELETE id = (118, 6) by 'pranav'
[2026-07-04 03:02:33] [Edit] DELETE id = (117, 6) by 'pranav'
[2026-07-04 03:02:34] [Edit] DELETE id = (116, 6) by 'pranav'
[2026-07-04 03:02:34] [Edit] DELETE id = (115, 6) by 'pranav'
[2026-07-04 03:02:34] [Edit] DELETE id = (114, 6) by 'pranav'
[2026-07-04 03:02:34] [Edit] DELETE id = (113, 6) by 'pranav'
[2026-07-04 03:02:34] [Edit] DELETE id = (112, 6) by 'pranav'
[2026-07-04 03:02:34] [Edit] DELETE id = (111, 6) by 'pranav'
[2026-07-04 03:02:34] [Edit] INSERT 'a' id = (123, 6) left = (14, 6) by 'pranav'
[2026-07-04 03:02:41] [Edit] INSERT '
' id = (137, 6) left = (32, 6) by 'pranav'
[2026-07-04 03:02:42] [Edit] INSERT '
' id = (138, 6) left = (137, 6) by 'pranav'
[2026-07-04 03:02:42] [Edit] INSERT '
' id = (139, 6) left = (138, 6) by 'pranav'
[2026-07-04 03:02:42] [Edit] INSERT '
' id = (140, 6) left = (139, 6) by 'pranav'
[2026-07-04 03:02:43] [Edit] INSERT 'f' id = (143, 6) left = (138, 6) by 'pranav'
[2026-07-04 03:02:43] [Edit] INSERT 'e' id = (144, 6) left = (143, 6) by 'pranav'
[2026-07-04 03:02:43] [Edit] INSERT 'h' id = (145, 6) left = (144, 6) by 'pranav'
[2026-07-04 03:02:43] [Edit] INSERT 'a' id = (146, 6) left = (145, 6) by 'pranav'
[2026-07-04 03:02:43] [Edit] INSERT 's' id = (147, 6) left = (146, 6) by 'pranav'
[2026-07-04 03:02:43] [Edit] INSERT 'd' id = (148, 6) left = (147, 6) by 'pranav'
[2026-07-04 03:02:43] [Edit] INSERT 'i' id = (149, 6) left = (148, 6) by 'pranav'
[2026-07-04 03:02:43] [Edit] INSERT 'f' id = (150, 6) left = (149, 6) by 'pranav'
[2026-07-04 03:02:44] [Edit] INSERT 'a' id = (151, 6) left = (150, 6) by 'pranav'
[2026-07-04 03:02:44] [Edit] INSERT 'f' id = (153, 6) left = (139, 6) by 'pranav'
[2026-07-04 03:02:44] [Edit] INSERT 'd' id = (154, 6) left = (153, 6) by 'pranav'
[2026-07-04 03:02:44] [Edit] INSERT 'u' id = (155, 6) left = (154, 6) by 'pranav'
[2026-07-04 03:02:44] [Edit] INSERT 's' id = (156, 6) left = (155, 6) by 'pranav'
[2026-07-04 03:02:44] [Edit] INSERT 'a' id = (157, 6) left = (156, 6) by 'pranav'
[2026-07-04 03:02:44] [Edit] INSERT 'h' id = (158, 6) left = (157, 6) by 'pranav'
[2026-07-04 03:02:44] [Edit] INSERT 'd' id = (159, 6) left = (158, 6) by 'pranav'
[2026-07-04 03:02:44] [Edit] INSERT 'a' id = (160, 6) left = (159, 6) by 'pranav'
[2026-07-04 03:02:44] [Edit] INSERT 's' id = (161, 6) left = (160, 6) by 'pranav'
[2026-07-04 03:02:45] [Edit] INSERT 'f' id = (165, 6) left = (18, 6) by 'pranav'
[2026-07-04 03:02:45] [Edit] INSERT 's' id = (166, 6) left = (165, 6) by 'pranav'
[2026-07-04 03:02:45] [Edit] INSERT 'j' id = (167, 6) left = (166, 6) by 'pranav'
[2026-07-04 03:02:45] [Edit] INSERT 'd' id = (168, 6) left = (167, 6) by 'pranav'
[2026-07-04 03:02:45] [Edit] INSERT 'a' id = (169, 6) left = (168, 6) by 'pranav'
[2026-07-04 03:02:45] [Edit] INSERT 'h' id = (170, 6) left = (169, 6) by 'pranav'
[2026-07-04 03:02:46] [Edit] INSERT 'f' id = (171, 6) left = (170, 6) by 'pranav'
[2026-07-04 03:02:46] [Edit] INSERT 'o' id = (172, 6) left = (171, 6) by 'pranav'
[2026-07-04 03:02:46] [Edit] INSERT 'a' id = (173, 6) left = (172, 6) by 'pranav'
[2026-07-04 03:02:46] [Edit] INSERT 'h' id = (174, 6) left = (173, 6) by 'pranav'
[2026-07-04 03:02:46] [Edit] INSERT 'f' id = (175, 6) left = (174, 6) by 'pranav'
[2026-07-04 03:02:46] [Edit] INSERT 'a' id = (176, 6) left = (175, 6) by 'pranav'
[2026-07-04 03:03:12] [Edit] INSERT 'f' id = (238, 6) left = (138, 6) by 'pranav'
[2026-07-04 03:03:12] [Edit] INSERT 'd' id = (239, 6) left = (238, 6) by 'pranav'
[2026-07-04 03:03:12] [Edit] INSERT 's' id = (240, 6) left = (239, 6) by 'pranav'
[2026-07-04 03:03:12] [Edit] INSERT 'f' id = (241, 6) left = (240, 6) by 'pranav'
[2026-07-04 03:03:12] [Edit] INSERT 'a' id = (242, 6) left = (241, 6) by 'pranav'
[2026-07-04 03:03:13] [Edit] DELETE id = (242, 6) by 'pranav'
[2026-07-04 03:03:13] [Edit] DELETE id = (241, 6) by 'pranav'
[2026-07-04 03:03:13] [Edit] DELETE id = (240, 6) by 'pranav'
[2026-07-04 03:03:13] [Edit] DELETE id = (239, 6) by 'pranav'
[2026-07-04 03:03:14] [Edit] DELETE id = (238, 6) by 'pranav'
[2026-07-04 03:03:15] [Save] DENIED for socket 6 ('pranav'): Not Admin.
[2026-07-04 03:03:16] [Save] DENIED for socket 7 ('apps'): Not Admin.
[2026-07-04 03:03:20] Client 'pranav' (socket 6) disconnected.
[2026-07-04 03:03:33] [Auth] 'admin' logged in as ADMIN (socket 6)
[2026-07-04 03:03:38] [Edit] DELETE id = (137, 6) by 'admin'
[2026-07-04 03:03:42] [Edit] DELETE id = (147, 6) by 'admin'
[2026-07-04 03:03:44] [Save] Document saved by admin 'admin'.
[2026-07-04 03:03:50] Client 'admin' (socket 6) disconnected.
[2026-07-04 03:03:51] Client 'apps' (socket 7) disconnected.
SESSION ENDED: Sat Jul  4 03:03:57 2026


SESSION STARTED: Sat Jul  4 03:04:01 2026
[2026-07-04 03:04:01] [Server] FIFO connected to logger.
[Server] Client semaphore initialized. Max clients: 10
[Server] Listening on port 8080
[2026-07-04 03:04:06] [Auth] 'pranav' logged in as EDITOR (socket 6)
[2026-07-04 03:04:09] [Edit] DELETE id = (144, 6) by 'pranav'
[2026-07-04 03:04:14] [Edit] DELETE id = (150, 6) by 'pranav'
[2026-07-04 03:04:28] [Auth] 'apps' logged in as EDITOR (socket 7)
[2026-07-04 03:04:32] [Edit] DELETE id = (139, 6) by 'apps'
[2026-07-04 03:04:34] [Edit] DELETE id = (147, 6) by 'apps'
[2026-07-04 03:04:35] [Edit] DELETE id = (242, 6) by 'apps'
[2026-07-04 03:04:35] [Edit] DELETE id = (242, 6) by 'apps'
[2026-07-04 03:04:35] [Edit] DELETE id = (242, 6) by 'apps'
[2026-07-04 03:04:35] [Edit] DELETE id = (242, 6) by 'apps'
[2026-07-04 03:04:36] [Edit] DELETE id = (242, 6) by 'apps'
[2026-07-04 03:04:36] [Edit] DELETE id = (242, 6) by 'apps'
[2026-07-04 03:04:36] [Edit] DELETE id = (242, 6) by 'apps'
[2026-07-04 03:04:36] [Edit] DELETE id = (242, 6) by 'apps'
[2026-07-04 03:04:37] [Edit] DELETE id = (242, 6) by 'apps'
[2026-07-04 03:04:37] [Edit] DELETE id = (242, 6) by 'apps'
[2026-07-04 03:04:37] [Edit] DELETE id = (242, 6) by 'apps'
[2026-07-04 03:04:37] [Edit] DELETE id = (242, 6) by 'apps'
[2026-07-04 03:04:38] [Edit] DELETE id = (242, 6) by 'apps'
[2026-07-04 03:04:38] [Edit] DELETE id = (242, 6) by 'apps'
[2026-07-04 03:04:38] [Edit] DELETE id = (242, 6) by 'apps'
[2026-07-04 03:04:38] [Edit] DELETE id = (242, 6) by 'apps'
[2026-07-04 03:04:39] [Edit] DELETE id = (242, 6) by 'apps'
[2026-07-04 03:04:39] [Edit] DELETE id = (242, 6) by 'apps'
[2026-07-04 03:04:39] [Edit] DELETE id = (242, 6) by 'apps'
[2026-07-04 03:04:39] [Edit] DELETE id = (242, 6) by 'apps'
[2026-07-04 03:04:39] [Edit] DELETE id = (242, 6) by 'apps'
[2026-07-04 03:04:40] [Edit] DELETE id = (242, 6) by 'apps'
[2026-07-04 03:04:40] [Edit] DELETE id = (242, 6) by 'apps'
[2026-07-04 03:04:40] [Edit] DELETE id = (242, 6) by 'apps'
[2026-07-04 03:04:40] [Edit] DELETE id = (242, 6) by 'apps'
[2026-07-04 03:04:41] [Edit] DELETE id = (242, 6) by 'apps'
[2026-07-04 03:04:41] [Edit] DELETE id = (242, 6) by 'apps'
[2026-07-04 03:04:41] [Edit] DELETE id = (242, 6) by 'apps'
[2026-07-04 03:04:41] [Edit] DELETE id = (242, 6) by 'apps'
[2026-07-04 03:04:41] [Edit] DELETE id = (242, 6) by 'apps'
[2026-07-04 03:04:42] [Edit] DELETE id = (242, 6) by 'apps'
[2026-07-04 03:04:42] [Edit] DELETE id = (242, 6) by 'apps'
[2026-07-04 03:04:42] [Edit] DELETE id = (242, 6) by 'apps'
[2026-07-04 03:04:42] [Edit] DELETE id = (242, 6) by 'apps'
[2026-07-04 03:04:42] [Edit] DELETE id = (242, 6) by 'apps'
[2026-07-04 03:04:43] [Edit] DELETE id = (242, 6) by 'apps'
[2026-07-04 03:04:43] [Edit] DELETE id = (242, 6) by 'apps'
[2026-07-04 03:04:43] [Edit] DELETE id = (242, 6) by 'apps'
[2026-07-04 03:04:43] [Edit] DELETE id = (242, 6) by 'apps'
[2026-07-04 03:04:43] [Edit] DELETE id = (242, 6) by 'apps'
[2026-07-04 03:04:44] [Edit] DELETE id = (242, 6) by 'apps'
[2026-07-04 03:04:44] [Edit] DELETE id = (242, 6) by 'apps'
[2026-07-04 03:04:44] [Edit] DELETE id = (242, 6) by 'apps'
[2026-07-04 03:04:45] [Edit] DELETE id = (242, 6) by 'apps'
[2026-07-04 03:04:45] [Edit] DELETE id = (242, 6) by 'apps'
[2026-07-04 03:04:45] [Edit] DELETE id = (242, 6) by 'apps'
[2026-07-04 03:04:45] [Edit] DELETE id = (242, 6) by 'apps'
[2026-07-04 03:04:45] [Edit] DELETE id = (140, 6) by 'apps'
[2026-07-04 03:04:46] [Edit] DELETE id = (242, 6) by 'apps'
[2026-07-04 03:04:46] [Edit] DELETE id = (242, 6) by 'apps'
[2026-07-04 03:04:46] [Edit] DELETE id = (242, 6) by 'apps'
[2026-07-04 03:04:46] [Edit] DELETE id = (242, 6) by 'apps'
[2026-07-04 03:04:46] [Edit] DELETE id = (242, 6) by 'apps'
[2026-07-04 03:04:46] [Edit] DELETE id = (242, 6) by 'apps'
[2026-07-04 03:04:46] [Edit] DELETE id = (242, 6) by 'apps'
[2026-07-04 03:04:47] [Edit] DELETE id = (242, 6) by 'apps'
[2026-07-04 03:04:47] [Edit] DELETE id = (242, 6) by 'apps'
[2026-07-04 03:04:47] [Edit] DELETE id = (242, 6) by 'apps'
[2026-07-04 03:04:47] [Edit] DELETE id = (242, 6) by 'apps'
[2026-07-04 03:04:47] [Edit] DELETE id = (242, 6) by 'apps'
[2026-07-04 03:04:47] [Edit] DELETE id = (242, 6) by 'apps'
[2026-07-04 03:04:48] [Edit] DELETE id = (242, 6) by 'apps'
[2026-07-04 03:04:48] [Edit] DELETE id = (242, 6) by 'apps'
[2026-07-04 03:04:48] [Edit] DELETE id = (242, 6) by 'apps'
[2026-07-04 03:04:48] [Edit] DELETE id = (242, 6) by 'apps'
[2026-07-04 03:04:48] [Edit] DELETE id = (242, 6) by 'apps'
[2026-07-04 03:04:48] [Edit] DELETE id = (242, 6) by 'apps'
[2026-07-04 03:04:49] [Edit] DELETE id = (242, 6) by 'apps'
[2026-07-04 03:04:49] [Edit] DELETE id = (242, 6) by 'apps'
[2026-07-04 03:04:49] [Edit] DELETE id = (242, 6) by 'apps'
[2026-07-04 03:04:49] [Edit] DELETE id = (242, 6) by 'apps'
[2026-07-04 03:04:49] [Edit] DELETE id = (242, 6) by 'apps'
[2026-07-04 03:04:49] [Edit] DELETE id = (242, 6) by 'apps'
[2026-07-04 03:04:50] [Edit] DELETE id = (242, 6) by 'apps'
[2026-07-04 03:04:50] [Edit] DELETE id = (242, 6) by 'apps'
[2026-07-04 03:04:50] [Edit] DELETE id = (242, 6) by 'apps'
[2026-07-04 03:04:50] [Edit] DELETE id = (242, 6) by 'apps'
[2026-07-04 03:04:51] [Edit] DELETE id = (242, 6) by 'apps'
[2026-07-04 03:04:51] [Edit] DELETE id = (242, 6) by 'apps'
[2026-07-04 03:04:51] [Edit] DELETE id = (242, 6) by 'apps'
[2026-07-04 03:04:51] [Edit] DELETE id = (242, 6) by 'apps'
[2026-07-04 03:04:51] [Edit] DELETE id = (242, 6) by 'apps'
[2026-07-04 03:04:51] [Edit] DELETE id = (242, 6) by 'apps'
[2026-07-04 03:04:52] [Edit] DELETE id = (242, 6) by 'apps'
[2026-07-04 03:04:52] [Edit] DELETE id = (242, 6) by 'apps'
[2026-07-04 03:04:52] [Edit] DELETE id = (242, 6) by 'apps'
[2026-07-04 03:04:52] [Edit] DELETE id = (242, 6) by 'apps'
[2026-07-04 03:04:52] [Edit] DELETE id = (242, 6) by 'apps'
[2026-07-04 03:04:52] [Edit] DELETE id = (242, 6) by 'apps'
[2026-07-04 03:04:53] [Edit] DELETE id = (242, 6) by 'apps'
[2026-07-04 03:04:53] [Edit] DELETE id = (242, 6) by 'apps'
[2026-07-04 03:04:53] [Edit] DELETE id = (242, 6) by 'apps'
[2026-07-04 03:04:53] [Edit] DELETE id = (242, 6) by 'apps'
[2026-07-04 03:04:53] [Edit] DELETE id = (242, 6) by 'apps'
[2026-07-04 03:04:53] [Edit] DELETE id = (242, 6) by 'apps'
[2026-07-04 03:04:54] [Edit] DELETE id = (242, 6) by 'apps'
[2026-07-04 03:04:54] [Edit] DELETE id = (242, 6) by 'apps'
[2026-07-04 03:04:54] [Edit] DELETE id = (242, 6) by 'apps'
[2026-07-04 03:04:54] [Edit] DELETE id = (242, 6) by 'apps'
[2026-07-04 03:04:55] [Edit] DELETE id = (242, 6) by 'apps'
[2026-07-04 03:04:55] [Edit] DELETE id = (242, 6) by 'apps'
[2026-07-04 03:04:55] [Edit] DELETE id = (242, 6) by 'apps'
[2026-07-04 03:04:55] [Edit] DELETE id = (242, 6) by 'apps'
[2026-07-04 03:04:55] [Edit] DELETE id = (242, 6) by 'apps'
[2026-07-04 03:04:56] [Edit] DELETE id = (242, 6) by 'apps'
[2026-07-04 03:04:56] [Edit] DELETE id = (242, 6) by 'apps'
[2026-07-04 03:05:01] [Edit] DELETE id = (158, 6) by 'apps'
[2026-07-04 03:05:03] [Edit] DELETE id = (110, 6) by 'apps'
[2026-07-04 03:05:06] [Edit] DELETE id = (14, 6) by 'apps'
[2026-07-04 03:05:07] [Edit] DELETE id = (13, 6) by 'apps'
[2026-07-04 03:05:07] [Edit] DELETE id = (110, 6) by 'apps'
[2026-07-04 03:05:09] [Edit] DELETE id = (2, 6) by 'apps'
[2026-07-04 03:05:09] [Edit] DELETE id = (3, 6) by 'apps'
[2026-07-04 03:05:09] [Edit] DELETE id = (4, 6) by 'apps'
[2026-07-04 03:05:09] [Edit] DELETE id = (5, 6) by 'apps'
[2026-07-04 03:05:09] [Edit] DELETE id = (6, 6) by 'apps'
[2026-07-04 03:05:10] [Edit] DELETE id = (7, 6) by 'apps'
[2026-07-04 03:05:10] [Edit] DELETE id = (8, 6) by 'apps'
[2026-07-04 03:05:10] [Edit] DELETE id = (9, 6) by 'apps'
[2026-07-04 03:05:10] [Edit] DELETE id = (10, 6) by 'apps'
[2026-07-04 03:05:11] [Edit] DELETE id = (11, 6) by 'apps'
[2026-07-04 03:05:11] [Edit] DELETE id = (14, 6) by 'apps'
[2026-07-04 03:05:11] [Edit] DELETE id = (110, 6) by 'apps'
[2026-07-04 03:05:11] [Edit] DELETE id = (14, 6) by 'apps'
[2026-07-04 03:05:12] [Edit] DELETE id = (137, 6) by 'apps'
[2026-07-04 03:05:14] [Edit] DELETE id = (14, 6) by 'apps'
[2026-07-04 03:05:15] [Edit] DELETE id = (110, 6) by 'apps'
[2026-07-04 03:05:16] [Edit] DELETE id = (110, 6) by 'apps'
[2026-07-04 03:05:17] [Edit] DELETE id = (14, 6) by 'apps'
[2026-07-04 03:05:17] [Edit] DELETE id = (12, 6) by 'apps'
[2026-07-04 03:05:18] [Edit] DELETE id = (110, 6) by 'apps'
[2026-07-04 03:05:19] [Edit] DELETE id = (110, 6) by 'apps'
[2026-07-04 03:05:19] [Edit] DELETE id = (110, 6) by 'apps'
[2026-07-04 03:05:20] [Edit] DELETE id = (110, 6) by 'apps'
[2026-07-04 03:05:20] [Edit] DELETE id = (110, 6) by 'apps'
[2026-07-04 03:05:20] [Edit] DELETE id = (110, 6) by 'apps'
[2026-07-04 03:05:21] [Edit] DELETE id = (242, 6) by 'apps'
[2026-07-04 03:26:57] Client 'pranav' (socket 6) disconnected.
[2026-07-04 03:26:57] Client 'apps' (socket 7) disconnected.
SESSION ENDED: Sat Jul  4 03:26:58 2026


SESSION STARTED: Sat Jul  4 03:27:06 2026
[2026-07-04 03:27:06] [Server] FIFO connected to logger.
[Server] Client semaphore initialized. Max clients: 10
[Server] Listening on port 8080
[2026-07-04 03:27:11] [Auth] 'pranav' logged in as EDITOR (socket 6)
[2026-07-04 03:27:20] [Auth] 'apps' logged in as EDITOR (socket 7)
[2026-07-04 03:27:21] [Edit] INSERT 't' id = (2, 6) left = (0, 0) by 'pranav'
[2026-07-04 03:27:22] [Edit] DELETE id = (2, 6) by 'pranav'
[2026-07-04 03:27:22] [Edit] INSERT 'h' id = (3, 6) left = (0, 0) by 'pranav'
[2026-07-04 03:27:22] [Edit] INSERT 'i' id = (4, 6) left = (3, 6) by 'pranav'
[2026-07-04 03:27:22] [Edit] INSERT 's' id = (5, 6) left = (4, 6) by 'pranav'
[2026-07-04 03:27:23] [Edit] DELETE id = (5, 6) by 'pranav'
[2026-07-04 03:27:23] [Edit] INSERT ' ' id = (6, 6) left = (4, 6) by 'pranav'
[2026-07-04 03:27:23] [Edit] INSERT 't' id = (7, 6) left = (6, 6) by 'pranav'
[2026-07-04 03:27:23] [Edit] INSERT 'h' id = (8, 6) left = (7, 6) by 'pranav'
[2026-07-04 03:27:23] [Edit] INSERT 'i' id = (9, 6) left = (8, 6) by 'pranav'
[2026-07-04 03:27:23] [Edit] INSERT 's' id = (10, 6) left = (9, 6) by 'pranav'
[2026-07-04 03:27:23] [Edit] INSERT ' ' id = (11, 6) left = (10, 6) by 'pranav'
[2026-07-04 03:27:23] [Edit] INSERT 'i' id = (12, 6) left = (11, 6) by 'pranav'
[2026-07-04 03:27:23] [Edit] INSERT 's' id = (13, 6) left = (12, 6) by 'pranav'
[2026-07-04 03:27:23] [Edit] INSERT ' ' id = (14, 6) left = (13, 6) by 'pranav'
[2026-07-04 03:27:23] [Edit] INSERT 'p' id = (15, 6) left = (14, 6) by 'pranav'
[2026-07-04 03:27:24] [Edit] INSERT 'r' id = (16, 6) left = (15, 6) by 'pranav'
[2026-07-04 03:27:24] [Edit] INSERT 'a' id = (17, 6) left = (16, 6) by 'pranav'
[2026-07-04 03:27:24] [Edit] INSERT 'n' id = (18, 6) left = (17, 6) by 'pranav'
[2026-07-04 03:27:24] [Edit] INSERT 'a' id = (19, 6) left = (18, 6) by 'pranav'
[2026-07-04 03:27:24] [Edit] INSERT 'v' id = (20, 6) left = (19, 6) by 'pranav'
[2026-07-04 03:27:34] [Edit] INSERT '
' id = (21, 6) left = (20, 6) by 'pranav'
[2026-07-04 03:27:34] [Edit] INSERT 'o' id = (22, 6) left = (21, 6) by 'pranav'
[2026-07-04 03:27:34] [Edit] INSERT 'k' id = (23, 6) left = (22, 6) by 'pranav'
[2026-07-04 03:27:34] [Edit] INSERT ' ' id = (24, 6) left = (23, 6) by 'pranav'
[2026-07-04 03:27:35] [Edit] INSERT 'n' id = (25, 6) left = (24, 6) by 'pranav'
[2026-07-04 03:27:35] [Edit] INSERT 'o' id = (26, 6) left = (25, 6) by 'pranav'
[2026-07-04 03:27:35] [Edit] INSERT 'w' id = (27, 6) left = (26, 6) by 'pranav'
[2026-07-04 03:27:35] [Edit] INSERT ' ' id = (28, 6) left = (27, 6) by 'pranav'
[2026-07-04 03:27:35] [Edit] INSERT 'i' id = (29, 6) left = (28, 6) by 'pranav'
[2026-07-04 03:27:35] [Edit] INSERT 'm' id = (30, 6) left = (29, 6) by 'pranav'
[2026-07-04 03:27:35] [Edit] INSERT ' ' id = (31, 6) left = (30, 6) by 'pranav'
[2026-07-04 03:27:35] [Edit] INSERT 'g' id = (32, 6) left = (31, 6) by 'pranav'
[2026-07-04 03:27:35] [Edit] INSERT 'o' id = (33, 6) left = (32, 6) by 'pranav'
[2026-07-04 03:27:35] [Edit] INSERT 'n' id = (34, 6) left = (33, 6) by 'pranav'
[2026-07-04 03:27:36] [Edit] INSERT 'n' id = (35, 6) left = (34, 6) by 'pranav'
[2026-07-04 03:27:36] [Edit] INSERT 'a' id = (36, 6) left = (35, 6) by 'pranav'
[2026-07-04 03:27:36] [Edit] INSERT ' ' id = (37, 6) left = (36, 6) by 'pranav'
[2026-07-04 03:27:36] [Edit] INSERT 'e' id = (38, 6) left = (37, 6) by 'pranav'
[2026-07-04 03:27:36] [Edit] INSERT 'x' id = (39, 6) left = (38, 6) by 'pranav'
[2026-07-04 03:27:36] [Edit] INSERT 'i' id = (40, 6) left = (39, 6) by 'pranav'
[2026-07-04 03:27:36] [Edit] INSERT 't' id = (41, 6) left = (40, 6) by 'pranav'
[2026-07-04 03:27:41] Client 'pranav' (socket 6) disconnected.
[2026-07-04 03:27:47] [Auth] 'admin' logged in as ADMIN (socket 6)
[2026-07-04 03:27:54] [Save] Document saved by admin 'admin'.
[2026-07-04 03:27:56] Client 'admin' (socket 6) disconnected.
[2026-07-04 03:27:57] Client 'apps' (socket 7) disconnected.
SESSION ENDED: Sat Jul  4 03:27:59 2026


SESSION STARTED: Sat Jul  4 03:28:02 2026
[2026-07-04 03:28:02] [Server] FIFO connected to logger.
[Server] Client semaphore initialized. Max clients: 10
[Server] Listening on port 8080
[2026-07-04 03:28:10] [Auth] 'apps' logged in as EDITOR (socket 6)
[2026-07-04 03:28:14] [Edit] INSERT '' id = (1, 6) left = (0, 0) by 'apps'
[2026-07-04 03:28:15] Client 'apps' (socket 6) disconnected.
SESSION ENDED: Sat Jul  4 03:28:57 2026

